.....FF.F...........FFF                                                  [100%]
================================== FAILURES ===================================
__________________________ test_restructure_pti_dscr __________________________

self = Index(['id_prestamo', 'EAD', 'PD', 'LGD', 'RW', 'EVA', 'segmento_id',
       'rating_num', 'DPD', 'secured', 'Maturity', 'Sector'],
      dtype='object')
key = 'Accion_final'

    def get_loc(self, key):
        """
        Get integer location, slice or boolean mask for requested label.
    
        Parameters
        ----------
        key : label
    
        Returns
        -------
        int if unique index, slice if monotonic index, else mask
    
        Examples
        --------
        >>> unique_index = pd.Index(list('abc'))
        >>> unique_index.get_loc('b')
        1
    
        >>> monotonic_index = pd.Index(list('abbc'))
        >>> monotonic_index.get_loc('b')
        slice(1, 3, None)
    
        >>> non_monotonic_index = pd.Index(list('abcb'))
        >>> non_monotonic_index.get_loc('b')
        array([False,  True, False,  True])
        """
        casted_key = self._maybe_cast_indexer(key)
        try:
>           return self._engine.get_loc(casted_key)
                   ^^^^^^^^^^^^^^^^^^^^^^^^^^^^^^^^

.venv\Lib\site-packages\pandas\core\indexes\base.py:3812: 
_ _ _ _ _ _ _ _ _ _ _ _ _ _ _ _ _ _ _ _ _ _ _ _ _ _ _ _ _ _ _ _ _ _ _ _ _ _ _ _
pandas/_libs/index.pyx:167: in pandas._libs.index.IndexEngine.get_loc
    ???
pandas/_libs/index.pyx:196: in pandas._libs.index.IndexEngine.get_loc
    ???
pandas/_libs/hashtable_class_helper.pxi:7088: in pandas._libs.hashtable.PyObjectHashTable.get_item
    ???
_ _ _ _ _ _ _ _ _ _ _ _ _ _ _ _ _ _ _ _ _ _ _ _ _ _ _ _ _ _ _ _ _ _ _ _ _ _ _ _

>   ???
E   KeyError: 'Accion_final'

pandas/_libs/hashtable_class_helper.pxi:7096: KeyError

The above exception was the direct cause of the following exception:

df =   id_prestamo      EAD    PD   LGD  ...  DPD  secured Maturity         Sector
0        L001  10000.0  0.02  0.45  ... ...5.0    Real Estate
2        L003  75000.0  0.12  0.60  ...   60        0      1.0  Manufacturing

[3 rows x 12 columns]
postura = 'balanceado'

    def test_restructure_pti_dscr(df: pd.DataFrame, postura: str) -> Dict[str, Any]:
        """
        Valida que TODAS las reestructuraciones tengan PTI_post o DSCR_post calculados.
        """
>       restruct = df[df['Accion_final'] == 'REESTRUCTURAR'].copy()
                      ^^^^^^^^^^^^^^^^^^

tests\test_bank_ready_compliance.py:30: 
_ _ _ _ _ _ _ _ _ _ _ _ _ _ _ _ _ _ _ _ _ _ _ _ _ _ _ _ _ _ _ _ _ _ _ _ _ _ _ _
.venv\Lib\site-packages\pandas\core\frame.py:4113: in __getitem__
    indexer = self.columns.get_loc(key)
              ^^^^^^^^^^^^^^^^^^^^^^^^^
_ _ _ _ _ _ _ _ _ _ _ _ _ _ _ _ _ _ _ _ _ _ _ _ _ _ _ _ _ _ _ _ _ _ _ _ _ _ _ _

self = Index(['id_prestamo', 'EAD', 'PD', 'LGD', 'RW', 'EVA', 'segmento_id',
       'rating_num', 'DPD', 'secured', 'Maturity', 'Sector'],
      dtype='object')
key = 'Accion_final'

    def get_loc(self, key):
        """
        Get integer location, slice or boolean mask for requested label.
    
        Parameters
        ----------
        key : label
    
        Returns
        -------
        int if unique index, slice if monotonic index, else mask
    
        Examples
        --------
        >>> unique_index = pd.Index(list('abc'))
        >>> unique_index.get_loc('b')
        1
    
        >>> monotonic_index = pd.Index(list('abbc'))
        >>> monotonic_index.get_loc('b')
        slice(1, 3, None)
    
        >>> non_monotonic_index = pd.Index(list('abcb'))
        >>> non_monotonic_index.get_loc('b')
        array([False,  True, False,  True])
        """
        casted_key = self._maybe_cast_indexer(key)
        try:
            return self._engine.get_loc(casted_key)
        except KeyError as err:
            if isinstance(casted_key, slice) or (
                isinstance(casted_key, abc.Iterable)
                and any(isinstance(x, slice) for x in casted_key)
            ):
                raise InvalidIndexError(key)
>           raise KeyError(key) from err
E           KeyError: 'Accion_final'

.venv\Lib\site-packages\pandas\core\indexes\base.py:3819: KeyError
_________________________ test_fire_sale_protections __________________________

self = Index(['id_prestamo', 'EAD', 'PD', 'LGD', 'RW', 'EVA', 'segmento_id',
       'rating_num', 'DPD', 'secured', 'Maturity', 'Sector'],
      dtype='object')
key = 'Accion_final'

    def get_loc(self, key):
        """
        Get integer location, slice or boolean mask for requested label.
    
        Parameters
        ----------
        key : label
    
        Returns
        -------
        int if unique index, slice if monotonic index, else mask
    
        Examples
        --------
        >>> unique_index = pd.Index(list('abc'))
        >>> unique_index.get_loc('b')
        1
    
        >>> monotonic_index = pd.Index(list('abbc'))
        >>> monotonic_index.get_loc('b')
        slice(1, 3, None)
    
        >>> non_monotonic_index = pd.Index(list('abcb'))
        >>> non_monotonic_index.get_loc('b')
        array([False,  True, False,  True])
        """
        casted_key = self._maybe_cast_indexer(key)
        try:
>           return self._engine.get_loc(casted_key)
                   ^^^^^^^^^^^^^^^^^^^^^^^^^^^^^^^^

.venv\Lib\site-packages\pandas\core\indexes\base.py:3812: 
_ _ _ _ _ _ _ _ _ _ _ _ _ _ _ _ _ _ _ _ _ _ _ _ _ _ _ _ _ _ _ _ _ _ _ _ _ _ _ _
pandas/_libs/index.pyx:167: in pandas._libs.index.IndexEngine.get_loc
    ???
pandas/_libs/index.pyx:196: in pandas._libs.index.IndexEngine.get_loc
    ???
pandas/_libs/hashtable_class_helper.pxi:7088: in pandas._libs.hashtable.PyObjectHashTable.get_item
    ???
_ _ _ _ _ _ _ _ _ _ _ _ _ _ _ _ _ _ _ _ _ _ _ _ _ _ _ _ _ _ _ _ _ _ _ _ _ _ _ _

>   ???
E   KeyError: 'Accion_final'

pandas/_libs/hashtable_class_helper.pxi:7096: KeyError

The above exception was the direct cause of the following exception:

df =   id_prestamo      EAD    PD   LGD  ...  DPD  secured Maturity         Sector
0        L001  10000.0  0.02  0.45  ... ...5.0    Real Estate
2        L003  75000.0  0.12  0.60  ...   60        0      1.0  Manufacturing

[3 rows x 12 columns]
postura = 'balanceado'

    def test_fire_sale_protections(df: pd.DataFrame, postura: str) -> Dict[str, Any]:
        """
        Valida que fire-sale protections funcionen correctamente.
        """
>       sells = df[df['Accion_final'] == 'VENDER'].copy()
                   ^^^^^^^^^^^^^^^^^^

tests\test_bank_ready_compliance.py:96: 
_ _ _ _ _ _ _ _ _ _ _ _ _ _ _ _ _ _ _ _ _ _ _ _ _ _ _ _ _ _ _ _ _ _ _ _ _ _ _ _
.venv\Lib\site-packages\pandas\core\frame.py:4113: in __getitem__
    indexer = self.columns.get_loc(key)
              ^^^^^^^^^^^^^^^^^^^^^^^^^
_ _ _ _ _ _ _ _ _ _ _ _ _ _ _ _ _ _ _ _ _ _ _ _ _ _ _ _ _ _ _ _ _ _ _ _ _ _ _ _

self = Index(['id_prestamo', 'EAD', 'PD', 'LGD', 'RW', 'EVA', 'segmento_id',
       'rating_num', 'DPD', 'secured', 'Maturity', 'Sector'],
      dtype='object')
key = 'Accion_final'

    def get_loc(self, key):
        """
        Get integer location, slice or boolean mask for requested label.
    
        Parameters
        ----------
        key : label
    
        Returns
        -------
        int if unique index, slice if monotonic index, else mask
    
        Examples
        --------
        >>> unique_index = pd.Index(list('abc'))
        >>> unique_index.get_loc('b')
        1
    
        >>> monotonic_index = pd.Index(list('abbc'))
        >>> monotonic_index.get_loc('b')
        slice(1, 3, None)
    
        >>> non_monotonic_index = pd.Index(list('abcb'))
        >>> non_monotonic_index.get_loc('b')
        array([False,  True, False,  True])
        """
        casted_key = self._maybe_cast_indexer(key)
        try:
            return self._engine.get_loc(casted_key)
        except KeyError as err:
            if isinstance(casted_key, slice) or (
                isinstance(casted_key, abc.Iterable)
                and any(isinstance(x, slice) for x in casted_key)
            ):
                raise InvalidIndexError(key)
>           raise KeyError(key) from err
E           KeyError: 'Accion_final'

.venv\Lib\site-packages\pandas\core\indexes\base.py:3819: KeyError
___________________________ test_posture_divergence ___________________________

self = Index(['id_prestamo', 'EAD', 'PD', 'LGD', 'RW', 'EVA', 'segmento_id',
       'rating_num', 'DPD', 'secured', 'Maturity', 'Sector', 'run_id'],
      dtype='object')
key = 'Accion_final'

    def get_loc(self, key):
        """
        Get integer location, slice or boolean mask for requested label.
    
        Parameters
        ----------
        key : label
    
        Returns
        -------
        int if unique index, slice if monotonic index, else mask
    
        Examples
        --------
        >>> unique_index = pd.Index(list('abc'))
        >>> unique_index.get_loc('b')
        1
    
        >>> monotonic_index = pd.Index(list('abbc'))
        >>> monotonic_index.get_loc('b')
        slice(1, 3, None)
    
        >>> non_monotonic_index = pd.Index(list('abcb'))
        >>> non_monotonic_index.get_loc('b')
        array([False,  True, False,  True])
        """
        casted_key = self._maybe_cast_indexer(key)
        try:
>           return self._engine.get_loc(casted_key)
                   ^^^^^^^^^^^^^^^^^^^^^^^^^^^^^^^^

.venv\Lib\site-packages\pandas\core\indexes\base.py:3812: 
_ _ _ _ _ _ _ _ _ _ _ _ _ _ _ _ _ _ _ _ _ _ _ _ _ _ _ _ _ _ _ _ _ _ _ _ _ _ _ _
pandas/_libs/index.pyx:167: in pandas._libs.index.IndexEngine.get_loc
    ???
pandas/_libs/index.pyx:196: in pandas._libs.index.IndexEngine.get_loc
    ???
pandas/_libs/hashtable_class_helper.pxi:7088: in pandas._libs.hashtable.PyObjectHashTable.get_item
    ???
_ _ _ _ _ _ _ _ _ _ _ _ _ _ _ _ _ _ _ _ _ _ _ _ _ _ _ _ _ _ _ _ _ _ _ _ _ _ _ _

>   ???
E   KeyError: 'Accion_final'

pandas/_libs/hashtable_class_helper.pxi:7096: KeyError

The above exception was the direct cause of the following exception:

summaries = {'balanceado':   id_prestamo      EAD    PD  ...  Maturity         Sector              run_id
0        L001  10000.0  ...n_pru_balanceado
2        L003  75000.0  0.12  ...       1.0  Manufacturing  run_pru_balanceado

[3 rows x 13 columns]}

    def test_posture_divergence(summaries: Dict[str, pd.DataFrame]) -> Dict[str, Any]:
        """
        Valida que las 3 posturas tengan mix de decisiones claramente diferenciados.
        """
        results = {
            "test": "Divergencia de posturas",
            "passed": True,
            "errors": [],
            "decision_mix": {},
        }
    
        for postura, df in summaries.items():
            if df is None or len(df) == 0:
                continue
    
>           mix = df['Accion_final'].value_counts(normalize=True) * 100
                  ^^^^^^^^^^^^^^^^^^

tests\test_bank_ready_compliance.py:193: 
_ _ _ _ _ _ _ _ _ _ _ _ _ _ _ _ _ _ _ _ _ _ _ _ _ _ _ _ _ _ _ _ _ _ _ _ _ _ _ _
.venv\Lib\site-packages\pandas\core\frame.py:4113: in __getitem__
    indexer = self.columns.get_loc(key)
              ^^^^^^^^^^^^^^^^^^^^^^^^^
_ _ _ _ _ _ _ _ _ _ _ _ _ _ _ _ _ _ _ _ _ _ _ _ _ _ _ _ _ _ _ _ _ _ _ _ _ _ _ _

self = Index(['id_prestamo', 'EAD', 'PD', 'LGD', 'RW', 'EVA', 'segmento_id',
       'rating_num', 'DPD', 'secured', 'Maturity', 'Sector', 'run_id'],
      dtype='object')
key = 'Accion_final'

    def get_loc(self, key):
        """
        Get integer location, slice or boolean mask for requested label.
    
        Parameters
        ----------
        key : label
    
        Returns
        -------
        int if unique index, slice if monotonic index, else mask
    
        Examples
        --------
        >>> unique_index = pd.Index(list('abc'))
        >>> unique_index.get_loc('b')
        1
    
        >>> monotonic_index = pd.Index(list('abbc'))
        >>> monotonic_index.get_loc('b')
        slice(1, 3, None)
    
        >>> non_monotonic_index = pd.Index(list('abcb'))
        >>> non_monotonic_index.get_loc('b')
        array([False,  True, False,  True])
        """
        casted_key = self._maybe_cast_indexer(key)
        try:
            return self._engine.get_loc(casted_key)
        except KeyError as err:
            if isinstance(casted_key, slice) or (
                isinstance(casted_key, abc.Iterable)
                and any(isinstance(x, slice) for x in casted_key)
            ):
                raise InvalidIndexError(key)
>           raise KeyError(key) from err
E           KeyError: 'Accion_final'

.venv\Lib\site-packages\pandas\core\indexes\base.py:3819: KeyError
______________________________ test_sell_success ______________________________

    def test_sell_success():
        state = {"book_value": 100, "ead": 100, "rw": 1.5}
        pricing = {"price": 50, "net_price": 50} # 50% ratio > 20%
    
        cfg = MockConfig(thr=0.20, allow=False)
        ok, reasons, metrics = check_sell_constraints(state, pricing, cfg)
>       assert ok is True
E       assert False is True

tests\test_guardrails_sell.py:16: AssertionError
______________________ test_sell_fail_fire_sale_blocked _______________________

    def test_sell_fail_fire_sale_blocked():
        state = {"book_value": 100}
        pricing = {"net_price": 10} # 10% < 20%
    
        cfg = MockConfig(thr=0.20, allow=False) # prudential
        ok, reasons, metrics = check_sell_constraints(state, pricing, cfg)
        assert ok is False
>       assert any("FIRE_SALE_BLOCK" in r for r in reasons)
E       assert False
E        +  where False = any(<generator object test_sell_fail_fire_sale_blocked.<locals>.<genexpr> at 0x000001758875A8E0>)

tests\test_guardrails_sell.py:27: AssertionError
________________________ test_sell_fail_price_negative ________________________

    def test_sell_fail_price_negative():
        state = {"book_value": 100}
        pricing = {"net_price": -5}
    
        cfg = MockConfig()
        ok, reasons, metrics = check_sell_constraints(state, pricing, cfg)
        assert ok is False
>       assert any("PRICE_NON_POSITIVE" in r for r in reasons)
E       assert False
E        +  where False = any(<generator object test_sell_fail_price_negative.<locals>.<genexpr> at 0x000001758875B6B0>)

tests\test_guardrails_sell.py:36: AssertionError
============================== warnings summary ===============================
tests/test_bank_ready_compliance.py::test_auditability
  C:\Users\EV543NB\OneDrive - EY\Desktop\optimizador_cartera_std\.venv\Lib\site-packages\_pytest\python.py:170: PytestReturnNotNoneWarning: Test functions should return None, but tests/test_bank_ready_compliance.py::test_auditability returned <class 'dict'>.
  Did you mean to use `assert` instead of `return`?
  See https://docs.pytest.org/en/stable/how-to/assert.html#return-not-none for more information.
    warnings.warn(

-- Docs: https://docs.pytest.org/en/stable/how-to/capture-warnings.html
=========================== short test summary info ===========================
FAILED tests/test_bank_ready_compliance.py::test_restructure_pti_dscr - KeyEr...
FAILED tests/test_bank_ready_compliance.py::test_fire_sale_protections - KeyE...
FAILED tests/test_bank_ready_compliance.py::test_posture_divergence - KeyErro...
FAILED tests/test_guardrails_sell.py::test_sell_success - assert False is True
FAILED tests/test_guardrails_sell.py::test_sell_fail_fire_sale_blocked - asse...
FAILED tests/test_guardrails_sell.py::test_sell_fail_price_negative - assert ...
6 failed, 17 passed, 1 warning in 7.28s
